2024-11-01|BTC|trades event 900 0.0913 | receive 1000 0.0958 | HL deliv p50 37.6
2024-11-01|BTC|quotes event 1200 0.1005 | receive 1200 0.0978 | HL deliv p50 30.2
2024-11-01|ETH|trades event 900 0.0652 | receive 1000 0.0647 | HL deliv p50 39.1
2024-11-01|ETH|quotes event 600 0.1388 | receive 700 0.1413 | HL deliv p50 32.8
2024-11-01|SOL|trades event 900 0.0486 | receive 1000 0.0466 | HL deliv p50 36.5
2024-11-01|SOL|quotes event 600 0.1338 | receive 700 0.1407 | HL deliv p50 34.7
2024-12-01|BTC|trades event 900 0.0603 | receive 1000 0.0589 | HL deliv p50 49.7
2024-12-01|BTC|quotes event 600 0.1043 | receive 600 0.0998 | HL deliv p50 43.2
2024-12-01|ETH|trades event 900 0.0567 | receive 1000 0.0585 | HL deliv p50 47.1
2024-12-01|ETH|quotes event 700 0.118 | receive 700 0.1202 | HL deliv p50 45.7
2024-12-01|SOL|trades event 800 0.0599 | receive 900 0.0597 | HL deliv p50 48.8
2024-12-01|SOL|quotes event 600 0.1425 | receive 600 0.1368 | HL deliv p50 51.5
2025-01-01|BTC|trades event 800 0.0948 | receive 1000 0.0885 | HL deliv p50 51.6
2025-01-01|BTC|quotes event 1300 0.0873 | receive 1300 0.0903 | HL deliv p50 45.8
2025-01-01|ETH|trades event 800 0.0859 | receive 900 0.085 | HL deliv p50 50.0
2025-01-01|ETH|quotes event 600 0.1081 | receive 700 0.107 | HL deliv p50 47.4
2025-01-01|SOL|trades event 900 0.0583 | receive 900 0.0498 | HL deliv p50 53.2
2025-01-01|SOL|quotes event 600 0.1097 | receive 600 0.1081 | HL deliv p50 58.1
2025-02-01|BTC|trades event 900 0.0953 | receive 1100 0.0918 | HL deliv p50 248.7
2025-02-01|BTC|quotes event 1300 0.0992 | receive 1300 0.0966 | HL deliv p50 281.7
2025-02-01|ETH|trades event 900 0.0898 | receive 1200 0.076 | HL deliv p50 252.1
2025-02-01|ETH|quotes event 1000 0.105 | receive 1400 0.1065 | HL deliv p50 284.6
2025-02-01|SOL|trades event 900 0.1166 | receive 1100 0.0926 | HL deliv p50 240.5
2025-02-01|SOL|quotes event 1000 0.1089 | receive 1500 0.1057 | HL deliv p50 266.5
2025-03-01|BTC|trades event 900 0.1258 | receive 1100 0.1055 | HL deliv p50 174.3
2025-03-01|BTC|quotes event 1300 0.1138 | receive 1500 0.1067 | HL deliv p50 168.0
2025-03-01|ETH|trades event 1000 0.0832 | receive 1100 0.0832 | HL deliv p50 163.1
2025-03-01|ETH|quotes event 1300 0.1014 | receive 1400 0.1062 | HL deliv p50 165.7
2025-03-01|SOL|trades event 900 0.0893 | receive 1200 0.0753 | HL deliv p50 157.2
2025-03-01|SOL|quotes event 900 0.1079 | receive 1500 0.1012 | HL deliv p50 171.2
2025-04-01|BTC|trades event 900 0.0961 | receive 1100 0.0949 | HL deliv p50 167.9
2025-04-01|BTC|quotes event 1300 0.1015 | receive 1500 0.1055 | HL deliv p50 166.4
2025-04-01|ETH|trades event 1000 0.0779 | receive 1100 0.077 | HL deliv p50 171.9
2025-04-01|ETH|quotes event 1100 0.1014 | receive 1300 0.1054 | HL deliv p50 174.6
2025-04-01|SOL|trades event 900 0.0838 | receive 1200 0.0669 | HL deliv p50 168.7
2025-04-01|SOL|quotes event 1100 0.115 | receive 1300 0.1155 | HL deliv p50 178.5
2025-05-01|BTC|trades event 900 0.1316 | receive 1100 0.1125 | HL deliv p50 190.4
2025-05-01|BTC|quotes event 1200 0.1092 | receive 1400 0.1202 | HL deliv p50 175.4
2025-05-01|ETH|trades event 900 0.0959 | receive 1200 0.0907 | HL deliv p50 196.4
2025-05-01|ETH|quotes event 1400 0.1064 | receive 1500 0.1064 | HL deliv p50 181.9
2025-05-01|SOL|trades event 1000 0.0595 | receive 1200 0.0557 | HL deliv p50 200.0
2025-05-01|SOL|quotes event 800 0.1126 | receive 1100 0.1057 | HL deliv p50 206.8
2025-06-01|BTC|trades event 900 0.113 | receive 1200 0.087 | HL deliv p50 219.5
2025-06-01|BTC|quotes event 1300 0.117 | receive 1400 0.0954 | HL deliv p50 219.3
2025-06-01|ETH|trades event 1000 0.1084 | receive 1200 0.0838 | HL deliv p50 215.6
2025-06-01|ETH|quotes event 1300 0.11 | receive 1400 0.0942 | HL deliv p50 226.7
2025-06-01|SOL|trades event 1000 0.0409 | receive 0 0.0334 | HL deliv p50 214.0
2025-06-01|SOL|quotes event 700 0.0939 | receive 1000 0.093 | HL deliv p50 278.2
2025-07-01|BTC|trades event 1000 0.13 | receive 1200 0.106 | HL deliv p50 197.8
2025-07-01|BTC|quotes event 1200 0.1154 | receive 1400 0.1101 | HL deliv p50 191.7
2025-07-01|ETH|trades event 1000 0.1416 | receive 1300 0.1081 | HL deliv p50 239.8
2025-07-01|ETH|quotes event 1400 0.1168 | receive 1600 0.1126 | HL deliv p50 266.5
2025-07-01|SOL|trades event 1000 0.0578 | receive 1200 0.0519 | HL deliv p50 229.1
2025-07-01|SOL|quotes event 1100 0.1084 | receive 1600 0.1011 | HL deliv p50 279.8
2025-08-01|BTC|trades event 1000 0.0909 | receive 1400 0.0729 | HL deliv p50 317.5
2025-08-01|BTC|quotes event 1200 0.0941 | receive 1800 0.0979 | HL deliv p50 296.7
2025-08-01|ETH|trades event 1100 0.0824 | receive 1400 0.0704 | HL deliv p50 351.8
2025-08-01|ETH|quotes event 1300 0.0916 | receive 1700 0.0864 | HL deliv p50 307.4
2025-08-01|SOL|trades event 1000 0.0768 | receive 1400 0.0569 | HL deliv p50 330.0
2025-08-01|SOL|quotes event 1200 0.1017 | receive 1600 0.0961 | HL deliv p50 320.0
2025-09-01|BTC|trades event 1000 0.1251 | receive 1400 0.089 | HL deliv p50 344.6
2025-09-01|BTC|quotes event 1400 0.113 | receive 1700 0.1096 | HL deliv p50 324.5
2025-09-01|ETH|trades event 1000 0.1159 | receive 1400 0.0839 | HL deliv p50 338.8
2025-09-01|ETH|quotes event 1300 0.0985 | receive 1700 0.0864 | HL deliv p50 330.6
2025-09-01|SOL|trades event 1000 0.0894 | receive 1300 0.0588 | HL deliv p50 307.8
2025-09-01|SOL|quotes event 1100 0.1018 | receive 1700 0.0941 | HL deliv p50 338.4
2025-10-01|BTC|trades event 1000 0.1219 | receive 1400 0.104 | HL deliv p50 307.2
2025-10-01|BTC|quotes event 1100 0.1138 | receive 1600 0.0991 | HL deliv p50 313.6
2025-10-01|ETH|trades event 1000 0.1276 | receive 1300 0.0841 | HL deliv p50 318.2
2025-10-01|ETH|quotes event 1300 0.1039 | receive 1700 0.0976 | HL deliv p50 324.2
2025-10-01|SOL|trades event 900 0.0972 | receive 1300 0.0774 | HL deliv p50 274.6
2025-10-01|SOL|quotes event 1100 0.11 | receive 1300 0.1005 | HL deliv p50 320.9
2025-11-01|BTC|trades event 900 0.1367 | receive 1200 0.1096 | HL deliv p50 251.5
2025-11-01|BTC|quotes event 1200 0.1084 | receive 1500 0.1082 | HL deliv p50 273.0
2025-11-01|ETH|trades event 800 0.1329 | receive 1100 0.1051 | HL deliv p50 246.2
2025-11-01|ETH|quotes event 1200 0.1159 | receive 1400 0.1125 | HL deliv p50 283.5
2025-11-01|SOL|trades event 900 0.1009 | receive 1200 0.0786 | HL deliv p50 244.6
2025-11-01|SOL|quotes event 1000 0.124 | receive 1600 0.1136 | HL deliv p50 311.4
2025-12-01|BTC|trades event 700 0.1555 | receive 1200 0.1246 | HL deliv p50 277.1
2025-12-01|BTC|quotes event 800 0.1326 | receive 1300 0.1285 | HL deliv p50 251.9
2025-12-01|ETH|trades event 700 0.1491 | receive 1100 0.1137 | HL deliv p50 359.9
2025-12-01|ETH|quotes event 1000 0.1146 | receive 1300 0.1088 | HL deliv p50 290.7
2025-12-01|SOL|trades event 700 0.1001 | receive 1000 0.0786 | HL deliv p50 266.6
2025-12-01|SOL|quotes event 900 0.1271 | receive 1300 0.1235 | HL deliv p50 275.4
2026-01-01|BTC|trades event 700 0.1562 | receive 1000 0.1356 | HL deliv p50 245.1
2026-01-01|BTC|quotes event 800 0.1065 | receive 1200 0.1035 | HL deliv p50 271.2
2026-01-01|ETH|trades event 700 0.1535 | receive 1000 0.1259 | HL deliv p50 234.6
2026-01-01|ETH|quotes event 1100 0.1199 | receive 1100 0.1119 | HL deliv p50 266.9
2026-01-01|SOL|trades event 700 0.0441 | receive 1000 0.0353 | HL deliv p50 226.7
2026-01-01|SOL|quotes event 700 0.1198 | receive 1000 0.1224 | HL deliv p50 318.3
2026-02-01|BTC|trades event 700 0.163 | receive 1100 0.1243 | HL deliv p50 307.1
2026-02-01|BTC|quotes event 1000 0.1317 | receive 1400 0.121 | HL deliv p50 267.4
2026-02-01|ETH|trades event 900 0.1243 | receive 1300 0.1018 | HL deliv p50 305.7
2026-02-01|ETH|quotes event 1100 0.1112 | receive 1500 0.1106 | HL deliv p50 266.2
2026-02-01|SOL|trades event 700 0.0938 | receive 1000 0.0658 | HL deliv p50 297.1
2026-02-01|SOL|quotes event 700 0.1364 | receive 1100 0.1235 | HL deliv p50 298.0
2026-03-01|BTC|trades event 700 0.1548 | receive 900 0.1152 | HL deliv p50 243.4
2026-03-01|BTC|quotes event 1000 0.1418 | receive 1300 0.1365 | HL deliv p50 259.4
2026-03-01|ETH|trades event 700 0.1675 | receive 1000 0.1233 | HL deliv p50 238.1
2026-03-01|ETH|quotes event 1100 0.1225 | receive 1300 0.1335 | HL deliv p50 255.5
2026-03-01|SOL|trades event 700 0.1135 | receive 1000 0.0839 | HL deliv p50 232.7
2026-03-01|SOL|quotes event 700 0.1372 | receive 1100 0.1286 | HL deliv p50 250.9
2026-04-01|BTC|trades event 700 0.2178 | receive 1000 0.1482 | HL deliv p50 229.7
2026-04-01|BTC|quotes event 900 0.1438 | receive 1300 0.1266 | HL deliv p50 250.3
2026-04-01|ETH|trades event 700 0.1842 | receive 1000 0.1256 | HL deliv p50 236.0
2026-04-01|ETH|quotes event 900 0.1296 | receive 1200 0.123 | HL deliv p50 258.1
2026-04-01|SOL|trades event 700 0.1165 | receive 900 0.0861 | HL deliv p50 228.1
2026-04-01|SOL|quotes event 800 0.1342 | receive 1100 0.1326 | HL deliv p50 239.5
2026-05-01|BTC|trades event 600 0.1607 | receive 800 0.1206 | HL deliv p50 191.0
2026-05-01|BTC|quotes event 800 0.1216 | receive 1000 0.1192 | HL deliv p50 200.6
2026-05-01|ETH|trades event 600 0.1328 | receive 800 0.1034 | HL deliv p50 194.8
2026-05-01|ETH|quotes event 700 0.138 | receive 1000 0.1167 | HL deliv p50 206.2
2026-05-01|SOL|trades event 600 0.0961 | receive 800 0.0534 | HL deliv p50 185.3
2026-05-01|SOL|quotes event 900 0.1648 | receive 1200 0.1619 | HL deliv p50 219.1
2026-06-01|BTC|trades event 500 0.1335 | receive 800 0.1052 | HL deliv p50 331.6
2026-06-01|BTC|quotes event 800 0.1258 | receive 1100 0.0941 | HL deliv p50 317.1
2026-06-01|ETH|trades event 300 0.1442 | receive 800 0.0959 | HL deliv p50 311.8
2026-06-01|ETH|quotes event 800 0.1454 | receive 900 0.1021 | HL deliv p50 313.7
2026-06-01|SOL|trades event 600 0.0517 | receive 900 0.0385 | HL deliv p50 333.1
2026-06-01|SOL|quotes event 700 0.1329 | receive 1200 0.1053 | HL deliv p50 333.2
2026-07-01|BTC|trades event 500 0.208 | receive 900 0.1688 | HL deliv p50 288.2
2026-07-01|BTC|quotes event 2700 0.0301 | receive 1700 0.0237 | HL deliv p50 349.6
2026-07-01|ETH|trades event 600 0.166 | receive 900 0.1169 | HL deliv p50 291.3
2026-07-01|ETH|quotes event 1800 0.0316 | receive 2400 0.0224 | HL deliv p50 364.3
2026-07-01|SOL|trades event 500 0.0996 | receive 800 0.0775 | HL deliv p50 281.8
2026-07-01|SOL|quotes event 2600 0.0283 | receive 2100 0.0204 | HL deliv p50 352.8
2026-08-01|BTC|trades event 500 0.1924 | receive 700 0.1471 | HL deliv p50 230.3
2026-08-01|BTC|quotes event 2600 0.0337 | receive 2800 0.0286 | HL deliv p50 280.1
2026-08-01|ETH|trades event 500 0.1584 | receive 700 0.1425 | HL deliv p50 221.7
2026-08-01|ETH|quotes event 3000 0.034 | receive 1800 0.029 | HL deliv p50 274.2
2026-08-01|SOL|trades event 500 0.043 | receive 700 0.0344 | HL deliv p50 220.1
2026-08-01|SOL|quotes event 1500 0.0331 | receive 2600 0.0315 | HL deliv p50 278.0
2026-09-01|BTC|trades event 500 0.2032 | receive 800 0.1721 | HL deliv p50 255.6
2026-09-01|BTC|quotes event 800 0.1468 | receive 1100 0.1451 | HL deliv p50 265.0
2026-09-01|ETH|trades event 500 0.1705 | receive 800 0.1341 | HL deliv p50 246.9
2026-09-01|ETH|quotes event 600 0.1614 | receive 1100 0.1374 | HL deliv p50 256.1
2026-09-01|SOL|trades event 500 0.0912 | receive 800 0.0757 | HL deliv p50 256.4
2026-09-01|SOL|quotes event 700 0.1435 | receive 900 0.1412 | HL deliv p50 263.0
